mode: set
paper-server/internal/compiler/compiler.go:19.2,21.1 1 1
paper-server/internal/compiler/compiler.go:30.2,30.19 1 1
paper-server/internal/compiler/compiler.go:31.3,32.1 1 1
paper-server/internal/compiler/compiler.go:34.2,34.20 1 1
paper-server/internal/compiler/compiler.go:35.3,36.1 1 1
paper-server/internal/compiler/compiler.go:38.2,42.1 2 1
paper-server/internal/compiler/compiler.go:43.2,43.49 2 1
paper-server/internal/compiler/compiler.go:44.3,45.1 1 1
paper-server/internal/compiler/compiler.go:47.2,52.3 1 1
paper-server/internal/compiler/docker.go:18.2,37.1 2 1
paper-server/internal/compiler/docker.go:39.2,39.16 2 1
paper-server/internal/compiler/docker.go:41.3,41.30 1 1
paper-server/internal/compiler/docker.go:44.3,44.34 1 1
paper-server/internal/compiler/docker.go:47.3,47.35 1 1
paper-server/internal/compiler/docker.go:50.3,50.30 1 1
paper-server/internal/compiler/docker.go:53.3,53.65 1 1
paper-server/internal/compiler/docker.go:56.2,62.1 10 1
paper-server/internal/compiler/docker.go:63.2,65.1 10 1
paper-server/internal/compiler/docker.go:66.2,71.1 10 1
paper-server/internal/compiler/docker.go:72.2,74.1 10 1
paper-server/internal/compiler/docker.go:75.2,76.1 10 1
paper-server/internal/compiler/docker.go:77.2,78.1 10 1
paper-server/internal/compiler/docker.go:79.2,83.1 10 1
paper-server/internal/compiler/docker.go:84.2,84.16 10 1
paper-server/internal/compiler/docker.go:85.3,90.1 1 1
paper-server/internal/compiler/docker.go:92.2,96.8 1 1
paper-server/internal/compiler/docker.go:100.2,101.1 2 1
paper-server/internal/compiler/docker.go:102.2,102.51 2 1
paper-server/internal/compiler/docker.go:103.3,104.1 1 1
paper-server/internal/compiler/docker.go:106.2,106.22 1 1
paper-server/internal/compiler/docker.go:110.2,112.1 2 1
paper-server/internal/compiler/service.go:15.2,17.1 1 1
paper-server/internal/compiler/service.go:26.2,32.16 2 1
paper-server/internal/compiler/service.go:33.3,34.1 1 1
paper-server/internal/compiler/service.go:36.2,36.21 1 1
paper-server/internal/compiler/service.go:37.3,38.1 1 1
paper-server/internal/compiler/service.go:40.2,44.1 2 1
paper-server/internal/compiler/service.go:45.2,45.44 2 1
paper-server/internal/compiler/service.go:46.3,50.1 1 1
paper-server/internal/compiler/service.go:52.2,53.1 2 1
paper-server/internal/compiler/service.go:54.2,54.20 2 1
paper-server/internal/auth/handler.go:25.2,27.1 1 1
paper-server/internal/auth/handler.go:60.2,60.33 1 1
paper-server/internal/auth/handler.go:61.3,63.1 2 1
paper-server/internal/auth/handler.go:65.2,66.1 2 1
paper-server/internal/auth/handler.go:67.2,67.61 2 1
paper-server/internal/auth/handler.go:68.3,70.1 2 1
paper-server/internal/auth/handler.go:72.2,73.16 2 1
paper-server/internal/auth/handler.go:74.3,74.44 1 1
paper-server/internal/auth/handler.go:75.4,77.1 2 1
paper-server/internal/auth/handler.go:79.3,80.9 2 1
paper-server/internal/auth/handler.go:83.2,84.16 2 1
paper-server/internal/auth/handler.go:85.3,87.1 2 0
paper-server/internal/auth/handler.go:89.2,98.1 2 1
paper-server/internal/auth/handler.go:99.2,99.35 2 1
paper-server/internal/auth/handler.go:111.2,111.33 1 1
paper-server/internal/auth/handler.go:112.3,114.1 2 1
paper-server/internal/auth/handler.go:116.2,117.16 2 1
paper-server/internal/auth/handler.go:118.3,119.1 1 1
paper-server/internal/auth/handler.go:121.2,131.1 2 1
paper-server/internal/auth/handler.go:132.2,132.37 2 1
paper-server/internal/auth/handler.go:147.2,147.32 1 1
paper-server/internal/auth/handler.go:148.3,150.1 2 1
paper-server/internal/auth/handler.go:152.2,153.16 2 1
paper-server/internal/auth/handler.go:154.3,156.1 2 1
paper-server/internal/auth/handler.go:158.2,159.16 2 1
paper-server/internal/auth/handler.go:160.3,162.1 2 1
paper-server/internal/auth/handler.go:164.2,164.35 1 1
paper-server/internal/auth/handler.go:168.2,170.1 3 1
paper-server/internal/auth/handler.go:171.2,172.1 3 1
paper-server/internal/auth/handler.go:175.2,176.1 1 1
paper-server/internal/auth/handler.go:191.2,191.33 1 1
paper-server/internal/auth/handler.go:192.3,194.1 2 1
paper-server/internal/auth/handler.go:196.2,197.1 2 1
paper-server/internal/auth/handler.go:198.2,198.61 2 1
paper-server/internal/auth/handler.go:199.3,201.1 2 1
paper-server/internal/auth/handler.go:203.2,209.16 2 1
paper-server/internal/auth/handler.go:210.3,212.1 2 1
paper-server/internal/auth/handler.go:216.2,223.4 1 1
paper-server/internal/auth/handler.go:239.2,239.33 1 1
paper-server/internal/auth/handler.go:240.3,242.1 2 1
paper-server/internal/auth/handler.go:244.2,245.1 2 1
paper-server/internal/auth/handler.go:246.2,246.61 2 1
paper-server/internal/auth/handler.go:247.3,249.1 2 1
paper-server/internal/auth/handler.go:251.2,252.1 3 1
paper-server/internal/auth/handler.go:253.2,254.38 3 1
paper-server/internal/auth/handler.go:255.3,256.1 1 1
paper-server/internal/auth/handler.go:258.2,263.1 2 1
paper-server/internal/auth/handler.go:264.2,264.16 2 1
paper-server/internal/auth/handler.go:265.3,265.10 1 1
paper-server/internal/auth/handler.go:267.4,267.62 1 1
paper-server/internal/auth/handler.go:270.4,270.53 1 1
paper-server/internal/auth/handler.go:273.3,273.9 1 1
paper-server/internal/auth/handler.go:276.2,276.31 1 1
paper-server/internal/auth/handler.go:277.3,286.1 1 1
paper-server/internal/auth/handler.go:288.2,291.4 1 1
paper-server/internal/auth/handler.go:313.2,314.1 3 1
paper-server/internal/auth/handler.go:315.2,316.16 3 1
paper-server/internal/auth/handler.go:317.3,317.44 1 1
paper-server/internal/auth/handler.go:318.4,322.1 2 1
paper-server/internal/auth/handler.go:324.3,324.46 1 1
paper-server/internal/auth/handler.go:325.4,329.1 2 0
paper-server/internal/auth/handler.go:331.3,334.9 2 1
paper-server/internal/auth/handler.go:337.2,342.4 1 1
paper-server/internal/auth/middleware.go:15.2,15.71 1 1
paper-server/internal/auth/middleware.go:16.3,17.17 2 1
paper-server/internal/auth/middleware.go:18.4,20.1 2 1
paper-server/internal/auth/middleware.go:22.3,23.17 2 1
paper-server/internal/auth/middleware.go:24.4,26.1 2 1
paper-server/internal/auth/middleware.go:28.3,30.1 3 1
paper-server/internal/auth/middleware.go:31.3,31.40 3 1
paper-server/internal/auth/middleware.go:36.2,38.1 2 1
paper-server/internal/auth/middleware.go:41.2,41.85 1 1
paper-server/internal/auth/middleware.go:42.3,43.36 2 1
paper-server/internal/auth/middleware.go:44.4,46.1 2 1
paper-server/internal/auth/middleware.go:48.3,48.23 1 1
paper-server/internal/auth/middleware.go:53.2,54.1 1 1
paper-server/internal/auth/middleware.go:57.2,59.1 2 1
paper-server/internal/auth/middleware.go:62.2,63.1 1 1
paper-server/internal/auth/middleware.go:66.2,67.1 1 1
paper-server/internal/auth/repository.go:22.2,23.1 1 1
paper-server/internal/auth/repository.go:26.2,42.1 2 1
paper-server/internal/auth/repository.go:43.2,43.16 2 1
paper-server/internal/auth/repository.go:44.3,45.1 1 1
paper-server/internal/auth/repository.go:47.2,47.12 1 1
paper-server/internal/auth/repository.go:51.2,52.1 3 1
paper-server/internal/auth/repository.go:53.2,73.1 3 1
paper-server/internal/auth/repository.go:74.2,74.35 3 1
paper-server/internal/auth/repository.go:75.3,76.1 1 1
paper-server/internal/auth/repository.go:78.2,78.16 1 1
paper-server/internal/auth/repository.go:79.3,80.1 1 1
paper-server/internal/auth/repository.go:82.2,82.47 1 1
paper-server/internal/auth/repository.go:83.3,84.1 1 1
paper-server/internal/auth/repository.go:86.2,86.18 1 1
paper-server/internal/auth/repository.go:90.2,91.1 3 1
paper-server/internal/auth/repository.go:92.2,112.1 3 1
paper-server/internal/auth/repository.go:113.2,113.35 3 1
paper-server/internal/auth/repository.go:114.3,115.1 1 0
paper-server/internal/auth/repository.go:117.2,117.16 1 1
paper-server/internal/auth/repository.go:118.3,119.1 1 1
paper-server/internal/auth/repository.go:121.2,121.47 1 1
paper-server/internal/auth/repository.go:122.3,123.1 1 1
paper-server/internal/auth/repository.go:125.2,125.18 1 1
paper-server/internal/auth/repository.go:128.2,134.16 2 1
paper-server/internal/auth/repository.go:135.3,136.1 1 1
paper-server/internal/auth/repository.go:137.2,138.1 3 1
paper-server/internal/auth/repository.go:139.2,140.1 3 1
paper-server/internal/auth/repository.go:141.2,141.18 3 1
paper-server/internal/auth/repository.go:142.3,143.1 2 1
paper-server/internal/auth/repository.go:144.3,144.47 2 1
paper-server/internal/auth/repository.go:145.4,146.1 1 0
paper-server/internal/auth/repository.go:148.3,148.55 1 1
paper-server/internal/auth/repository.go:151.2,151.35 1 1
paper-server/internal/auth/repository.go:152.3,153.1 1 0
paper-server/internal/auth/repository.go:155.2,155.12 1 1
paper-server/internal/auth/repository.go:158.2,159.1 3 1
paper-server/internal/auth/repository.go:160.2,176.1 3 1
paper-server/internal/auth/repository.go:177.2,177.35 3 1
paper-server/internal/auth/repository.go:178.3,179.1 1 1
paper-server/internal/auth/repository.go:181.2,181.16 1 1
paper-server/internal/auth/repository.go:182.3,183.1 1 1
paper-server/internal/auth/repository.go:185.2,185.21 1 1
paper-server/internal/auth/repository.go:189.2,193.1 2 1
paper-server/internal/auth/repository.go:194.2,194.16 2 1
paper-server/internal/auth/repository.go:195.3,196.1 1 1
paper-server/internal/auth/repository.go:198.2,198.12 1 1
paper-server/internal/auth/repository.go:202.2,224.1 2 1
paper-server/internal/auth/repository.go:225.2,225.16 2 1
paper-server/internal/auth/repository.go:226.3,227.1 1 1
paper-server/internal/auth/repository.go:229.2,229.12 1 1
paper-server/internal/auth/repository.go:233.2,234.1 3 1
paper-server/internal/auth/repository.go:235.2,257.1 3 1
paper-server/internal/auth/repository.go:258.2,258.35 3 1
paper-server/internal/auth/repository.go:259.3,260.1 1 1
paper-server/internal/auth/repository.go:262.2,262.16 1 1
paper-server/internal/auth/repository.go:263.3,264.1 1 1
paper-server/internal/auth/repository.go:266.2,266.24 1 1
paper-server/internal/auth/repository.go:270.2,274.1 2 1
paper-server/internal/auth/repository.go:275.2,275.16 2 1
paper-server/internal/auth/repository.go:276.3,277.1 1 1
paper-server/internal/auth/repository.go:279.2,279.12 1 1
paper-server/internal/auth/repository.go:286.2,287.16 2 1
paper-server/internal/auth/repository.go:288.3,289.1 1 1
paper-server/internal/auth/repository.go:290.2,291.1 4 1
paper-server/internal/auth/repository.go:292.2,298.1 4 1
paper-server/internal/auth/repository.go:299.2,315.1 4 1
paper-server/internal/auth/repository.go:316.2,316.16 4 1
paper-server/internal/auth/repository.go:317.3,318.1 1 0
paper-server/internal/auth/repository.go:320.2,328.16 2 1
paper-server/internal/auth/repository.go:329.3,330.1 1 0
paper-server/internal/auth/repository.go:332.2,338.1 2 1
paper-server/internal/auth/repository.go:339.2,339.16 2 1
paper-server/internal/auth/repository.go:340.3,341.1 1 0
paper-server/internal/auth/repository.go:343.2,344.1 3 1
paper-server/internal/auth/repository.go:345.2,346.16 3 1
paper-server/internal/auth/repository.go:347.3,348.1 1 0
paper-server/internal/auth/repository.go:350.2,355.1 3 1
paper-server/internal/auth/repository.go:356.2,370.16 3 1
paper-server/internal/auth/repository.go:371.3,372.1 1 0
paper-server/internal/auth/repository.go:374.2,375.16 2 1
paper-server/internal/auth/repository.go:376.3,377.1 1 0
paper-server/internal/auth/repository.go:379.2,379.15 1 1
paper-server/internal/auth/repository.go:380.3,381.1 1 1
paper-server/internal/auth/repository.go:383.2,383.36 1 1
paper-server/internal/auth/repository.go:384.3,385.1 1 0
paper-server/internal/auth/repository.go:387.2,387.41 1 1
paper-server/internal/auth/repository.go:394.2,395.16 2 1
paper-server/internal/auth/repository.go:396.3,397.1 1 1
paper-server/internal/auth/repository.go:398.2,399.1 2 1
paper-server/internal/auth/repository.go:400.2,400.54 2 1
paper-server/internal/auth/repository.go:401.3,402.1 1 0
paper-server/internal/auth/repository.go:403.2,415.1 2 1
paper-server/internal/auth/repository.go:416.2,416.16 2 1
paper-server/internal/auth/repository.go:417.3,421.1 1 0
paper-server/internal/auth/repository.go:423.2,429.1 2 1
paper-server/internal/auth/repository.go:430.2,430.16 2 1
paper-server/internal/auth/repository.go:431.3,435.1 1 0
paper-server/internal/auth/repository.go:437.2,438.16 2 1
paper-server/internal/auth/repository.go:439.3,443.1 1 0
paper-server/internal/auth/repository.go:445.2,445.15 1 1
paper-server/internal/auth/repository.go:446.3,447.1 1 1
paper-server/internal/auth/repository.go:449.2,449.36 1 1
paper-server/internal/auth/repository.go:450.3,454.1 1 0
paper-server/internal/auth/repository.go:456.2,456.18 1 1
paper-server/internal/auth/routes.go:9.2,12.1 6 1
paper-server/internal/auth/routes.go:13.2,24.1 6 1
paper-server/internal/auth/service.go:55.2,60.1 1 1
paper-server/internal/auth/service.go:69.2,70.1 2 1
paper-server/internal/auth/service.go:71.2,71.17 2 1
paper-server/internal/auth/service.go:72.3,73.1 1 1
paper-server/internal/auth/service.go:75.2,75.23 1 1
paper-server/internal/auth/service.go:76.3,77.1 1 1
paper-server/internal/auth/service.go:79.2,80.16 2 1
paper-server/internal/auth/service.go:81.3,82.1 1 0
paper-server/internal/auth/service.go:84.2,90.1 2 1
paper-server/internal/auth/service.go:92.2,92.54 2 1
paper-server/internal/auth/service.go:93.3,94.1 1 1
paper-server/internal/auth/service.go:96.2,96.18 1 1
paper-server/internal/auth/service.go:104.2,105.1 3 1
paper-server/internal/auth/service.go:106.2,107.16 3 1
paper-server/internal/auth/service.go:108.3,108.38 1 1
paper-server/internal/auth/service.go:109.4,110.1 1 1
paper-server/internal/auth/service.go:112.3,112.18 1 1
paper-server/internal/auth/service.go:115.2,115.50 1 1
paper-server/internal/auth/service.go:116.3,117.1 1 1
paper-server/internal/auth/service.go:119.2,119.18 1 1
paper-server/internal/auth/service.go:127.2,128.1 3 1
paper-server/internal/auth/service.go:129.2,130.16 3 1
paper-server/internal/auth/service.go:131.3,132.1 1 0
paper-server/internal/auth/service.go:134.2,135.1 4 1
paper-server/internal/auth/service.go:136.2,141.1 4 1
paper-server/internal/auth/service.go:143.2,157.1 4 1
paper-server/internal/auth/service.go:158.2,158.16 4 1
paper-server/internal/auth/service.go:159.3,160.1 1 1
paper-server/internal/auth/service.go:162.2,162.28 1 1
paper-server/internal/auth/service.go:166.2,167.1 2 1
paper-server/internal/auth/service.go:168.2,168.43 2 1
paper-server/internal/auth/service.go:169.3,170.1 1 0
paper-server/internal/auth/service.go:172.2,180.1 2 1
paper-server/internal/auth/service.go:181.2,188.8 2 1
paper-server/internal/auth/service.go:192.2,193.1 2 1
paper-server/internal/auth/service.go:194.2,194.21 2 1
paper-server/internal/auth/service.go:195.3,196.1 1 1
paper-server/internal/auth/service.go:198.2,198.50 1 1
paper-server/internal/auth/service.go:199.3,200.1 1 0
paper-server/internal/auth/service.go:202.2,205.1 5 1
paper-server/internal/auth/service.go:206.2,213.16 5 1
paper-server/internal/auth/service.go:214.3,215.1 1 1
paper-server/internal/auth/service.go:217.2,218.16 2 1
paper-server/internal/auth/service.go:219.3,220.1 1 1
paper-server/internal/auth/service.go:222.2,223.16 2 1
paper-server/internal/auth/service.go:224.3,225.1 1 0
paper-server/internal/auth/service.go:227.2,235.1 2 1
paper-server/internal/auth/service.go:236.2,236.60 2 1
paper-server/internal/auth/service.go:240.2,240.22 1 1
paper-server/internal/auth/service.go:241.3,242.1 1 1
paper-server/internal/auth/service.go:244.2,245.1 2 1
paper-server/internal/auth/service.go:246.2,246.19 2 1
paper-server/internal/auth/service.go:247.3,248.1 1 1
paper-server/internal/auth/service.go:250.2,250.20 1 1
paper-server/internal/auth/service.go:254.2,255.1 2 1
paper-server/internal/auth/service.go:256.2,256.44 2 1
paper-server/internal/auth/service.go:257.3,258.1 1 0
paper-server/internal/auth/service.go:260.2,260.39 1 1
paper-server/internal/auth/service.go:264.2,266.1 2 1
paper-server/internal/auth/service.go:269.2,269.17 1 1
paper-server/internal/auth/service.go:270.3,271.1 1 1
paper-server/internal/auth/service.go:273.2,274.16 2 1
paper-server/internal/auth/service.go:275.3,276.1 1 1
paper-server/internal/auth/service.go:278.2,278.41 1 1
paper-server/internal/auth/service.go:279.3,281.1 2 1
paper-server/internal/auth/service.go:283.2,283.49 1 1
paper-server/internal/auth/service.go:287.2,287.17 1 1
paper-server/internal/auth/service.go:288.3,289.1 1 1
paper-server/internal/auth/service.go:291.2,291.53 1 1
paper-server/internal/auth/service.go:294.2,295.1 1 1
paper-server/internal/auth/service.go:298.2,299.1 2 1
paper-server/internal/auth/service.go:300.2,300.17 2 1
paper-server/internal/auth/service.go:301.3,302.1 1 1
paper-server/internal/auth/service.go:304.2,304.30 1 1
paper-server/internal/auth/service.go:305.3,306.1 1 1
paper-server/internal/auth/service.go:308.2,308.21 1 1
paper-server/internal/auth/service.go:309.3,310.1 1 1
paper-server/internal/auth/service.go:312.2,313.16 2 1
paper-server/internal/auth/service.go:314.3,315.1 1 0
paper-server/internal/auth/service.go:316.2,316.13 1 1
paper-server/internal/auth/service.go:317.3,318.1 1 1
paper-server/internal/auth/service.go:320.2,321.16 2 1
paper-server/internal/auth/service.go:322.3,323.1 1 0
paper-server/internal/auth/service.go:325.2,326.1 3 1
paper-server/internal/auth/service.go:327.2,328.1 3 1
paper-server/internal/auth/service.go:329.2,329.16 3 1
paper-server/internal/auth/service.go:330.3,331.1 1 1
paper-server/internal/auth/service.go:331.9,331.45 1 1
paper-server/internal/auth/service.go:332.3,333.1 1 0
paper-server/internal/auth/service.go:335.2,336.16 2 1
paper-server/internal/auth/service.go:337.3,338.1 1 0
paper-server/internal/auth/service.go:340.2,341.1 3 1
paper-server/internal/auth/service.go:342.2,350.1 3 1
paper-server/internal/auth/service.go:352.2,355.16 3 1
paper-server/internal/auth/service.go:356.3,357.1 1 0
paper-server/internal/auth/service.go:359.2,365.1 2 1
paper-server/internal/auth/service.go:366.2,372.16 2 1
paper-server/internal/auth/service.go:373.3,374.1 1 1
paper-server/internal/auth/service.go:376.2,376.31 1 1
paper-server/internal/auth/service.go:384.2,384.17 1 1
paper-server/internal/auth/service.go:385.3,386.1 1 0
paper-server/internal/auth/service.go:388.2,391.16 2 1
paper-server/internal/auth/service.go:392.3,393.1 1 1
paper-server/internal/auth/service.go:395.2,395.44 1 1
paper-server/internal/auth/service.go:396.3,398.1 2 1
paper-server/internal/auth/service.go:402.2,402.29 1 1
paper-server/internal/auth/service.go:403.3,403.31 1 1
paper-server/internal/auth/service.go:404.4,405.1 1 1
paper-server/internal/auth/service.go:407.3,410.5 1 1
paper-server/internal/auth/service.go:411.4,414.1 1 1
paper-server/internal/auth/service.go:416.3,420.17 2 1
paper-server/internal/auth/service.go:421.4,422.1 1 0
paper-server/internal/auth/service.go:424.3,429.9 1 1
paper-server/internal/auth/service.go:433.2,433.23 1 1
paper-server/internal/auth/service.go:434.3,437.1 1 1
paper-server/internal/auth/service.go:439.2,440.16 2 1
paper-server/internal/auth/service.go:441.3,445.1 1 0
paper-server/internal/auth/service.go:447.2,452.1 2 1
paper-server/internal/auth/service.go:453.2,453.16 2 1
paper-server/internal/auth/service.go:454.3,455.1 1 0
paper-server/internal/auth/service.go:457.2,462.8 1 1
paper-server/internal/auth/service.go:467.2,467.17 1 1
paper-server/internal/auth/service.go:468.3,469.1 1 1
paper-server/internal/auth/service.go:471.2,474.16 2 1
paper-server/internal/auth/service.go:475.3,476.1 1 1
paper-server/internal/auth/service.go:478.2,478.44 1 1
paper-server/internal/auth/service.go:479.3,481.1 2 1
paper-server/internal/auth/service.go:483.2,483.24 1 1
paper-server/internal/project/handler.go:35.2,39.1 1 0
paper-server/internal/project/handler.go:55.2,56.1 2 0
paper-server/internal/project/handler.go:57.2,57.9 2 0
paper-server/internal/project/handler.go:58.3,60.1 2 0
paper-server/internal/project/handler.go:62.2,63.1 2 0
paper-server/internal/project/handler.go:64.2,64.65 2 0
paper-server/internal/project/handler.go:65.3,69.1 2 0
paper-server/internal/project/handler.go:71.2,72.1 2 0
paper-server/internal/project/handler.go:73.2,73.16 2 0
paper-server/internal/project/handler.go:74.3,78.1 2 0
paper-server/internal/project/handler.go:80.2,80.43 1 0
paper-server/internal/project/handler.go:94.2,95.1 2 0
paper-server/internal/project/handler.go:96.2,96.9 2 0
paper-server/internal/project/handler.go:97.3,99.1 2 0
paper-server/internal/project/handler.go:101.2,102.1 2 0
paper-server/internal/project/handler.go:103.2,103.16 2 0
paper-server/internal/project/handler.go:104.3,108.1 2 0
paper-server/internal/project/handler.go:110.2,110.39 1 0
paper-server/internal/project/handler.go:127.2,128.1 2 0
paper-server/internal/project/handler.go:129.2,129.9 2 0
paper-server/internal/project/handler.go:130.3,132.1 2 0
paper-server/internal/project/handler.go:134.2,135.14 2 0
paper-server/internal/project/handler.go:136.3,140.1 2 0
paper-server/internal/project/handler.go:142.2,143.1 2 0
paper-server/internal/project/handler.go:144.2,144.16 2 0
paper-server/internal/project/handler.go:145.3,147.1 2 0
paper-server/internal/project/handler.go:149.2,149.38 1 0
paper-server/internal/project/handler.go:167.2,167.32 1 0
paper-server/internal/project/handler.go:168.3,170.1 2 0
paper-server/internal/project/handler.go:172.2,173.9 2 0
paper-server/internal/project/handler.go:174.3,176.1 2 0
paper-server/internal/project/handler.go:178.2,179.1 2 0
paper-server/internal/project/handler.go:180.2,180.9 2 0
paper-server/internal/project/handler.go:181.3,183.1 2 0
paper-server/internal/project/handler.go:185.2,185.67 1 0
paper-server/internal/project/handler.go:186.3,188.1 2 0
paper-server/internal/project/handler.go:190.2,191.16 2 0
paper-server/internal/project/handler.go:192.3,194.1 2 0
paper-server/internal/project/handler.go:196.2,198.4 1 0
paper-server/internal/project/handler.go:224.2,227.9 4 0
paper-server/internal/project/handler.go:228.3,230.1 2 0
paper-server/internal/project/handler.go:232.2,233.9 2 0
paper-server/internal/project/handler.go:234.3,236.1 2 0
paper-server/internal/project/handler.go:238.2,238.67 1 0
paper-server/internal/project/handler.go:239.3,241.1 2 0
paper-server/internal/project/handler.go:243.2,243.18 1 0
paper-server/internal/project/handler.go:245.3,245.37 1 0
paper-server/internal/project/handler.go:248.3,248.39 1 0
paper-server/internal/project/handler.go:251.3,251.41 1 0
paper-server/internal/project/handler.go:254.3,254.42 1 0
paper-server/internal/project/handler.go:257.3,257.39 1 0
paper-server/internal/project/handler.go:260.3,260.67 1 0
paper-server/internal/project/handler.go:282.2,282.33 1 0
paper-server/internal/project/handler.go:283.3,289.1 2 0
paper-server/internal/project/handler.go:291.2,292.9 2 0
paper-server/internal/project/handler.go:293.3,299.1 2 0
paper-server/internal/project/handler.go:301.2,302.9 2 0
paper-server/internal/project/handler.go:303.3,309.1 2 0
paper-server/internal/project/handler.go:311.2,315.16 2 0
paper-server/internal/project/handler.go:316.3,318.1 2 0
paper-server/internal/project/handler.go:320.2,324.16 2 0
paper-server/internal/project/handler.go:325.3,333.1 2 0
paper-server/internal/project/handler.go:334.2,335.1 2 0
paper-server/internal/project/handler.go:336.2,339.16 2 0
paper-server/internal/project/handler.go:340.3,348.1 2 0
paper-server/internal/project/handler.go:350.2,356.16 2 0
paper-server/internal/project/handler.go:357.3,365.1 2 0
paper-server/internal/project/handler.go:367.2,367.20 1 0
paper-server/internal/project/handler.go:368.3,372.1 2 0
paper-server/internal/project/handler.go:373.3,376.17 2 0
paper-server/internal/project/handler.go:377.4,385.1 2 0
paper-server/internal/project/handler.go:388.2,389.1 2 0
paper-server/internal/project/handler.go:390.2,394.3 2 0
paper-server/internal/project/handler.go:412.2,412.32 1 0
paper-server/internal/project/handler.go:413.3,419.1 2 0
paper-server/internal/project/handler.go:421.2,422.9 2 0
paper-server/internal/project/handler.go:423.3,429.1 2 0
paper-server/internal/project/handler.go:431.2,432.9 2 0
paper-server/internal/project/handler.go:433.3,439.1 2 0
paper-server/internal/project/handler.go:441.2,444.16 1 0
paper-server/internal/project/handler.go:445.3,447.1 2 0
paper-server/internal/project/handler.go:449.2,453.1 2 0
paper-server/internal/project/handler.go:454.2,454.44 2 0
paper-server/internal/project/handler.go:455.3,455.25 1 0
paper-server/internal/project/handler.go:456.4,462.1 2 0
paper-server/internal/project/handler.go:464.3,469.9 2 0
paper-server/internal/project/handler.go:472.2,477.1 3 0
paper-server/internal/project/handler.go:478.2,478.31 3 0
paper-server/internal/project/handler.go:497.2,497.34 1 0
paper-server/internal/project/handler.go:498.3,500.1 2 0
paper-server/internal/project/handler.go:502.2,503.21 2 0
paper-server/internal/project/handler.go:504.3,506.1 2 0
paper-server/internal/project/handler.go:508.2,509.1 2 0
paper-server/internal/project/handler.go:510.2,510.9 2 0
paper-server/internal/project/handler.go:511.3,513.1 2 0
paper-server/internal/project/handler.go:515.2,516.1 2 0
paper-server/internal/project/handler.go:517.2,517.61 2 0
paper-server/internal/project/handler.go:518.3,520.1 2 0
paper-server/internal/project/handler.go:522.2,527.1 2 0
paper-server/internal/project/handler.go:528.2,528.16 2 0
paper-server/internal/project/handler.go:529.3,529.10 1 0
paper-server/internal/project/handler.go:531.4,531.59 1 0
paper-server/internal/project/handler.go:534.4,534.52 1 0
paper-server/internal/project/handler.go:537.4,537.53 1 0
paper-server/internal/project/handler.go:540.3,540.9 1 0
paper-server/internal/project/handler.go:543.2,543.38 1 0
paper-server/internal/project/handler.go:559.2,559.35 1 0
paper-server/internal/project/handler.go:560.3,562.1 2 0
paper-server/internal/project/handler.go:564.2,565.21 2 0
paper-server/internal/project/handler.go:566.3,568.1 2 0
paper-server/internal/project/handler.go:570.2,571.1 2 0
paper-server/internal/project/handler.go:572.2,572.9 2 0
paper-server/internal/project/handler.go:573.3,575.1 2 0
paper-server/internal/project/handler.go:577.2,577.67 1 0
paper-server/internal/project/handler.go:578.3,578.10 1 0
paper-server/internal/project/handler.go:580.4,580.59 1 0
paper-server/internal/project/handler.go:583.4,583.52 1 0
paper-server/internal/project/handler.go:586.4,586.77 1 0
paper-server/internal/project/handler.go:589.3,589.9 1 0
paper-server/internal/project/handler.go:592.2,592.37 1 0
paper-server/internal/project/handler.go:607.2,608.9 2 0
paper-server/internal/project/handler.go:609.3,611.1 2 0
paper-server/internal/project/handler.go:613.2,614.9 2 0
paper-server/internal/project/handler.go:615.3,617.1 2 0
paper-server/internal/project/handler.go:619.2,619.68 1 0
paper-server/internal/project/handler.go:620.3,622.1 2 0
paper-server/internal/project/handler.go:624.2,625.16 2 0
paper-server/internal/project/handler.go:626.3,630.1 2 0
paper-server/internal/project/handler.go:632.2,632.38 1 0
paper-server/internal/project/handler.go:647.2,648.9 2 0
paper-server/internal/project/handler.go:649.3,651.1 2 0
paper-server/internal/project/handler.go:653.2,654.9 2 0
paper-server/internal/project/handler.go:655.3,657.1 2 0
paper-server/internal/project/handler.go:659.2,659.68 1 0
paper-server/internal/project/handler.go:660.3,662.1 2 0
paper-server/internal/project/handler.go:664.2,665.16 2 0
paper-server/internal/project/handler.go:666.3,670.1 2 0
paper-server/internal/project/handler.go:672.2,672.42 1 0
paper-server/internal/project/handler.go:689.2,689.34 1 0
paper-server/internal/project/handler.go:690.3,692.1 2 0
paper-server/internal/project/handler.go:693.2,694.9 2 0
paper-server/internal/project/handler.go:695.3,697.1 2 0
paper-server/internal/project/handler.go:699.2,700.9 2 0
paper-server/internal/project/handler.go:701.3,703.1 2 0
paper-server/internal/project/handler.go:705.2,705.68 1 0
paper-server/internal/project/handler.go:706.3,708.1 2 0
paper-server/internal/project/handler.go:710.2,711.73 2 0
paper-server/internal/project/handler.go:712.3,714.1 2 0
paper-server/internal/project/handler.go:716.2,716.86 1 0
paper-server/internal/project/handler.go:717.3,719.1 2 0
paper-server/internal/project/handler.go:721.2,725.1 5 0
paper-server/internal/project/handler.go:726.2,726.96 5 0
paper-server/internal/project/handler.go:727.3,729.1 2 0
paper-server/internal/project/handler.go:731.2,731.34 1 0
paper-server/internal/project/handler.go:747.2,747.35 1 0
paper-server/internal/project/handler.go:748.3,750.1 2 0
paper-server/internal/project/handler.go:751.2,752.9 2 0
paper-server/internal/project/handler.go:753.3,755.1 2 0
paper-server/internal/project/handler.go:757.2,758.9 2 0
paper-server/internal/project/handler.go:759.3,761.1 2 0
paper-server/internal/project/handler.go:763.2,763.68 1 0
paper-server/internal/project/handler.go:764.3,766.1 2 0
paper-server/internal/project/handler.go:768.2,769.1 2 0
paper-server/internal/project/handler.go:770.2,770.68 2 0
paper-server/internal/project/handler.go:771.3,773.1 2 0
paper-server/internal/project/handler.go:775.2,775.34 1 0
paper-server/internal/project/handler.go:787.2,787.66 1 0
paper-server/internal/project/handler.go:788.3,788.10 1 0
paper-server/internal/project/handler.go:790.4,790.61 1 0
paper-server/internal/project/handler.go:793.4,793.61 1 0
paper-server/internal/project/handler.go:796.4,796.74 1 0
paper-server/internal/project/handler.go:799.3,799.9 1 0
paper-server/internal/project/handler.go:802.2,804.4 1 0
paper-server/internal/project/handler.go:811.2,811.66 1 0
paper-server/internal/project/handler.go:812.3,812.10 1 0
paper-server/internal/project/handler.go:814.4,814.61 1 0
paper-server/internal/project/handler.go:817.4,817.56 1 0
paper-server/internal/project/handler.go:820.4,820.61 1 0
paper-server/internal/project/handler.go:823.4,823.74 1 0
paper-server/internal/project/handler.go:826.3,826.9 1 0
paper-server/internal/project/handler.go:829.2,829.37 1 0
paper-server/internal/project/handler.go:838.2,840.1 2 0
paper-server/internal/project/handler.go:842.2,842.65 2 0
paper-server/internal/project/handler.go:843.3,845.1 2 0
paper-server/internal/project/handler.go:847.2,848.1 2 0
paper-server/internal/project/handler.go:849.2,849.27 2 0
paper-server/internal/project/handler.go:850.3,852.1 2 0
paper-server/internal/project/handler.go:854.2,858.16 1 0
paper-server/internal/project/handler.go:859.3,859.10 1 0
paper-server/internal/project/handler.go:861.4,861.61 1 0
paper-server/internal/project/handler.go:864.4,864.56 1 0
paper-server/internal/project/handler.go:867.4,867.68 1 0
paper-server/internal/project/handler.go:870.4,870.61 1 0
paper-server/internal/project/handler.go:873.4,873.74 1 0
paper-server/internal/project/handler.go:876.3,876.9 1 0
paper-server/internal/project/handler.go:879.2,882.4 1 0
paper-server/internal/project/handler.go:906.2,908.9 3 0
paper-server/internal/project/handler.go:909.3,911.1 2 0
paper-server/internal/project/handler.go:913.2,914.9 2 0
paper-server/internal/project/handler.go:915.3,917.1 2 0
paper-server/internal/project/handler.go:919.2,919.67 1 0
paper-server/internal/project/handler.go:920.3,922.1 2 0
paper-server/internal/project/handler.go:924.2,925.1 2 0
paper-server/internal/project/handler.go:926.2,926.70 2 0
paper-server/internal/project/handler.go:927.3,927.10 1 0
paper-server/internal/project/handler.go:929.4,929.66 1 0
paper-server/internal/project/handler.go:932.4,932.66 1 0
paper-server/internal/project/handler.go:935.4,935.74 1 0
paper-server/internal/project/handler.go:938.3,938.9 1 0
paper-server/internal/project/handler.go:941.2,943.4 1 0
paper-server/internal/project/handler.go:963.2,964.9 2 0
paper-server/internal/project/handler.go:965.3,967.1 2 0
paper-server/internal/project/handler.go:969.2,970.9 2 0
paper-server/internal/project/handler.go:971.3,973.1 2 0
paper-server/internal/project/handler.go:975.2,975.67 1 0
paper-server/internal/project/handler.go:976.3,978.1 2 0
paper-server/internal/project/handler.go:980.2,981.1 2 0
paper-server/internal/project/handler.go:982.2,982.70 2 0
paper-server/internal/project/handler.go:983.3,983.10 1 0
paper-server/internal/project/handler.go:985.4,985.66 1 0
paper-server/internal/project/handler.go:988.4,988.61 1 0
paper-server/internal/project/handler.go:991.4,991.65 1 0
paper-server/internal/project/handler.go:994.4,994.64 1 0
paper-server/internal/project/handler.go:997.4,997.74 1 0
paper-server/internal/project/handler.go:1000.3,1000.9 1 0
paper-server/internal/project/handler.go:1003.2,1003.37 1 0
paper-server/internal/project/handler.go:1025.2,1026.9 2 0
paper-server/internal/project/handler.go:1027.3,1029.1 2 0
paper-server/internal/project/handler.go:1031.2,1032.9 2 0
paper-server/internal/project/handler.go:1033.3,1035.1 2 0
paper-server/internal/project/handler.go:1037.2,1037.67 1 0
paper-server/internal/project/handler.go:1038.3,1040.1 2 0
paper-server/internal/project/handler.go:1042.2,1044.1 2 0
paper-server/internal/project/handler.go:1046.2,1046.65 2 0
paper-server/internal/project/handler.go:1047.3,1049.1 2 0
paper-server/internal/project/handler.go:1051.2,1052.1 2 0
paper-server/internal/project/handler.go:1053.2,1053.27 2 0
paper-server/internal/project/handler.go:1054.3,1056.1 2 0
paper-server/internal/project/handler.go:1058.2,1062.16 1 0
paper-server/internal/project/handler.go:1063.3,1063.10 1 0
paper-server/internal/project/handler.go:1065.4,1065.66 1 0
paper-server/internal/project/handler.go:1068.4,1068.61 1 0
paper-server/internal/project/handler.go:1071.4,1071.68 1 0
paper-server/internal/project/handler.go:1074.4,1074.65 1 0
paper-server/internal/project/handler.go:1077.4,1077.74 1 0
paper-server/internal/project/handler.go:1080.3,1080.9 1 0
paper-server/internal/project/handler.go:1083.2,1086.4 1 0
paper-server/internal/project/handler.go:1093.2,1093.9 1 0
paper-server/internal/project/handler.go:1095.3,1097.5 1 0
paper-server/internal/project/handler.go:1100.3,1102.5 1 0
paper-server/internal/project/handler.go:1105.3,1107.5 1 0
paper-server/internal/project/handler.go:1116.2,1117.16 2 0
paper-server/internal/project/handler.go:1118.3,1118.10 1 0
paper-server/internal/project/handler.go:1120.4,1120.56 1 0
paper-server/internal/project/handler.go:1123.4,1123.61 1 0
paper-server/internal/project/handler.go:1126.4,1126.74 1 0
paper-server/internal/project/handler.go:1129.3,1129.9 1 0
paper-server/internal/project/handler.go:1132.2,1135.4 1 0
paper-server/internal/project/handler.go:1144.2,1146.1 2 0
paper-server/internal/project/handler.go:1148.2,1148.61 2 0
paper-server/internal/project/handler.go:1149.3,1151.1 2 0
paper-server/internal/project/handler.go:1153.2,1157.16 1 0
paper-server/internal/project/handler.go:1158.3,1158.10 1 0
paper-server/internal/project/handler.go:1160.4,1160.61 1 0
paper-server/internal/project/handler.go:1163.4,1163.74 1 0
paper-server/internal/project/handler.go:1166.3,1166.9 1 0
paper-server/internal/project/handler.go:1169.2,1171.4 1 0
paper-server/internal/project/handler.go:1175.2,1176.1 2 1
paper-server/internal/project/handler.go:1177.2,1177.38 2 1
paper-server/internal/project/handler.go:1178.3,1179.1 1 1
paper-server/internal/project/handler.go:1181.2,1182.1 3 1
paper-server/internal/project/handler.go:1183.2,1184.1 3 1
paper-server/internal/project/handler.go:1185.2,1185.38 3 1
paper-server/internal/project/handler.go:1186.3,1187.1 1 1
paper-server/internal/project/handler.go:1189.2,1189.23 1 1
paper-server/internal/project/handler.go:1193.2,1194.1 2 1
paper-server/internal/project/handler.go:1195.2,1195.38 2 1
paper-server/internal/project/handler.go:1196.3,1197.1 1 0
paper-server/internal/project/handler.go:1199.2,1200.1 3 1
paper-server/internal/project/handler.go:1201.2,1202.1 3 1
paper-server/internal/project/handler.go:1203.2,1203.57 3 1
paper-server/internal/project/handler.go:1204.3,1205.1 1 1
paper-server/internal/project/handler.go:1207.2,1207.33 1 1
paper-server/internal/project/handler.go:1211.2,1213.1 3 0
paper-server/internal/project/handler.go:1214.2,1215.1 3 0
paper-server/internal/project/handler.go:1218.2,1219.1 2 1
paper-server/internal/project/handler.go:1220.2,1220.38 2 1
paper-server/internal/project/handler.go:1221.3,1222.1 1 0
paper-server/internal/project/handler.go:1224.2,1225.1 3 1
paper-server/internal/project/handler.go:1226.2,1227.1 3 1
paper-server/internal/project/handler.go:1228.2,1228.57 3 1
paper-server/internal/project/handler.go:1229.3,1230.1 1 0
paper-server/internal/project/handler.go:1232.2,1232.33 1 1
paper-server/internal/project/repository.go:30.2,31.1 1 1
paper-server/internal/project/repository.go:35.2,36.16 2 1
paper-server/internal/project/repository.go:37.3,38.1 1 0
paper-server/internal/project/repository.go:39.2,40.1 5 1
paper-server/internal/project/repository.go:41.2,74.1 5 1
paper-server/internal/project/repository.go:75.2,75.16 5 1
paper-server/internal/project/repository.go:76.3,77.1 1 0
paper-server/internal/project/repository.go:79.2,79.36 1 1
paper-server/internal/project/repository.go:80.3,81.1 1 0
paper-server/internal/project/repository.go:83.2,83.12 1 1
paper-server/internal/project/repository.go:87.2,103.1 2 1
paper-server/internal/project/repository.go:104.2,104.16 2 1
paper-server/internal/project/repository.go:105.3,106.1 1 0
paper-server/internal/project/repository.go:107.2,108.1 3 1
paper-server/internal/project/repository.go:109.2,110.1 3 1
paper-server/internal/project/repository.go:111.2,111.18 3 1
paper-server/internal/project/repository.go:112.3,113.1 2 1
paper-server/internal/project/repository.go:114.3,123.17 2 1
paper-server/internal/project/repository.go:124.4,125.1 1 0
paper-server/internal/project/repository.go:127.3,127.39 1 1
paper-server/internal/project/repository.go:130.2,130.35 1 1
paper-server/internal/project/repository.go:131.3,132.1 1 0
paper-server/internal/project/repository.go:134.2,134.22 1 1
paper-server/internal/project/repository.go:138.2,139.1 3 1
paper-server/internal/project/repository.go:140.2,162.1 3 1
paper-server/internal/project/repository.go:163.2,163.35 3 1
paper-server/internal/project/repository.go:164.3,165.1 1 1
paper-server/internal/project/repository.go:167.2,167.16 1 1
paper-server/internal/project/repository.go:168.3,169.1 1 0
paper-server/internal/project/repository.go:171.2,171.21 1 1
paper-server/internal/project/repository.go:175.2,176.1 3 1
paper-server/internal/project/repository.go:177.2,185.1 3 1
paper-server/internal/project/repository.go:186.2,186.16 3 1
paper-server/internal/project/repository.go:187.3,188.1 1 0
paper-server/internal/project/repository.go:190.2,190.20 1 1
paper-server/internal/project/repository.go:194.2,195.1 3 1
paper-server/internal/project/repository.go:196.2,203.1 3 1
paper-server/internal/project/repository.go:204.2,204.16 3 1
paper-server/internal/project/repository.go:205.3,206.1 1 0
paper-server/internal/project/repository.go:208.2,208.20 1 1
paper-server/internal/project/repository.go:211.2,212.1 3 1
paper-server/internal/project/repository.go:213.2,218.1 3 1
paper-server/internal/project/repository.go:219.2,219.16 3 1
paper-server/internal/project/repository.go:220.3,220.36 1 0
paper-server/internal/project/repository.go:221.4,222.1 1 0
paper-server/internal/project/repository.go:224.3,224.53 1 0
paper-server/internal/project/repository.go:227.2,227.18 1 1
paper-server/internal/project/repository.go:231.2,236.1 2 1
paper-server/internal/project/repository.go:237.2,237.16 2 1
paper-server/internal/project/repository.go:238.3,239.1 1 0
paper-server/internal/project/repository.go:241.2,242.16 2 1
paper-server/internal/project/repository.go:243.3,244.1 1 0
paper-server/internal/project/repository.go:246.2,246.15 1 1
paper-server/internal/project/repository.go:247.3,248.1 1 1
paper-server/internal/project/repository.go:250.2,250.12 1 1
paper-server/internal/project/repository.go:254.2,258.1 2 1
paper-server/internal/project/repository.go:259.2,259.16 2 1
paper-server/internal/project/repository.go:260.3,261.1 1 0
paper-server/internal/project/repository.go:263.2,264.16 2 1
paper-server/internal/project/repository.go:265.3,266.1 1 0
paper-server/internal/project/repository.go:268.2,268.15 1 1
paper-server/internal/project/repository.go:269.3,270.1 1 0
paper-server/internal/project/repository.go:272.2,272.12 1 1
paper-server/internal/project/repository.go:276.2,290.1 2 1
paper-server/internal/project/repository.go:291.2,291.16 2 1
paper-server/internal/project/repository.go:292.3,293.1 1 0
paper-server/internal/project/repository.go:294.2,295.1 3 1
paper-server/internal/project/repository.go:296.2,297.1 3 1
paper-server/internal/project/repository.go:298.2,298.18 3 1
paper-server/internal/project/repository.go:299.3,300.1 2 1
paper-server/internal/project/repository.go:301.3,309.17 2 1
paper-server/internal/project/repository.go:310.4,311.1 1 0
paper-server/internal/project/repository.go:313.3,313.36 1 1
paper-server/internal/project/repository.go:316.2,316.35 1 1
paper-server/internal/project/repository.go:317.3,318.1 1 0
paper-server/internal/project/repository.go:320.2,320.21 1 1
paper-server/internal/project/repository.go:328.2,334.1 2 1
paper-server/internal/project/repository.go:335.2,335.16 2 1
paper-server/internal/project/repository.go:336.3,337.1 1 0
paper-server/internal/project/repository.go:339.2,340.16 2 1
paper-server/internal/project/repository.go:341.3,342.1 1 0
paper-server/internal/project/repository.go:344.2,344.15 1 1
paper-server/internal/project/repository.go:345.3,346.1 1 0
paper-server/internal/project/repository.go:348.2,348.12 1 1
paper-server/internal/project/repository.go:355.2,360.1 2 1
paper-server/internal/project/repository.go:361.2,361.16 2 1
paper-server/internal/project/repository.go:362.3,363.1 1 0
paper-server/internal/project/repository.go:365.2,366.16 2 1
paper-server/internal/project/repository.go:367.3,368.1 1 0
paper-server/internal/project/repository.go:370.2,370.15 1 1
paper-server/internal/project/repository.go:371.3,372.1 1 0
paper-server/internal/project/repository.go:374.2,374.12 1 1
paper-server/internal/project/repository.go:380.2,395.1 2 1
paper-server/internal/project/repository.go:396.2,396.16 2 1
paper-server/internal/project/repository.go:397.3,398.1 1 0
paper-server/internal/project/repository.go:399.2,400.1 3 1
paper-server/internal/project/repository.go:401.2,402.1 3 1
paper-server/internal/project/repository.go:403.2,403.18 3 1
paper-server/internal/project/repository.go:404.3,405.1 3 1
paper-server/internal/project/repository.go:406.3,407.1 3 1
paper-server/internal/project/repository.go:408.3,417.17 3 1
paper-server/internal/project/repository.go:418.4,419.1 1 0
paper-server/internal/project/repository.go:421.3,422.1 2 1
paper-server/internal/project/repository.go:423.3,423.48 2 1
paper-server/internal/project/repository.go:426.2,426.35 1 1
paper-server/internal/project/repository.go:427.3,428.1 1 0
paper-server/internal/project/repository.go:430.2,430.25 1 1
paper-server/internal/project/repository.go:437.2,438.1 3 1
paper-server/internal/project/repository.go:439.2,445.1 3 1
paper-server/internal/project/repository.go:446.2,446.16 3 1
paper-server/internal/project/repository.go:447.3,447.36 1 1
paper-server/internal/project/repository.go:448.4,449.1 1 1
paper-server/internal/project/repository.go:451.3,454.4 1 0
paper-server/internal/project/repository.go:457.2,457.24 1 1
paper-server/internal/project/routes.go:15.2,18.66 1 0
paper-server/internal/project/routes.go:19.5,19.21 1 0
paper-server/internal/project/routes.go:21.6,21.24 1 0
paper-server/internal/project/routes.go:24.6,24.26 1 0
paper-server/internal/project/routes.go:27.6,27.48 1 0
paper-server/internal/project/routes.go:33.2,36.66 1 0
paper-server/internal/project/routes.go:37.5,37.21 1 0
paper-server/internal/project/routes.go:39.6,39.23 1 0
paper-server/internal/project/routes.go:42.6,42.33 1 0
paper-server/internal/project/routes.go:45.6,45.33 1 0
paper-server/internal/project/routes.go:48.6,48.48 1 0
paper-server/internal/project/routes.go:54.2,57.66 1 0
paper-server/internal/project/routes.go:58.5,58.21 1 0
paper-server/internal/project/routes.go:60.6,60.32 1 0
paper-server/internal/project/routes.go:62.6,62.32 1 0
paper-server/internal/project/routes.go:64.6,64.70 1 0
paper-server/internal/project/routes.go:70.2,73.66 1 0
paper-server/internal/project/routes.go:74.5,74.12 1 0
paper-server/internal/project/routes.go:76.6,76.22 1 0
paper-server/internal/project/routes.go:78.7,78.32 1 0
paper-server/internal/project/routes.go:80.7,80.71 1 0
paper-server/internal/project/routes.go:84.6,84.36 1 0
paper-server/internal/project/routes.go:85.7,86.1 1 0
paper-server/internal/project/routes.go:87.7,88.1 1 0
paper-server/internal/project/routes.go:90.6,90.27 1 0
paper-server/internal/project/routes.go:92.6,92.23 1 0
paper-server/internal/project/routes.go:94.6,94.25 1 0
paper-server/internal/project/routes.go:97.6,97.24 1 0
paper-server/internal/project/routes.go:100.6,104.7 1 0
paper-server/internal/project/routes.go:107.6,107.22 1 0
paper-server/internal/project/routes.go:109.7,109.36 1 0
paper-server/internal/project/routes.go:112.7,112.36 1 0
paper-server/internal/project/routes.go:115.7,115.36 1 0
paper-server/internal/project/routes.go:118.7,118.71 1 0
paper-server/internal/project/routes.go:122.6,122.36 1 0
paper-server/internal/project/routes.go:123.7,125.1 2 0
paper-server/internal/project/routes.go:127.6,127.23 1 0
paper-server/internal/project/service.go:25.2,28.1 1 1
paper-server/internal/project/service.go:35.2,36.1 2 1
paper-server/internal/project/service.go:37.2,37.16 2 1
paper-server/internal/project/service.go:38.3,39.1 1 1
paper-server/internal/project/service.go:41.2,41.21 1 1
paper-server/internal/project/service.go:42.3,43.1 1 1
paper-server/internal/project/service.go:45.2,46.1 2 1
paper-server/internal/project/service.go:47.2,47.20 2 1
paper-server/internal/project/service.go:48.3,49.1 1 1
paper-server/internal/project/service.go:51.2,51.26 1 1
paper-server/internal/project/service.go:52.3,53.1 1 1
paper-server/internal/project/service.go:55.2,55.32 1 1
paper-server/internal/project/service.go:56.3,57.1 1 1
paper-server/internal/project/service.go:59.2,59.34 1 1
paper-server/internal/project/service.go:60.3,61.1 1 1
paper-server/internal/project/service.go:63.2,63.46 1 1
paper-server/internal/project/service.go:64.3,65.1 1 1
paper-server/internal/project/service.go:67.2,67.51 1 1
paper-server/internal/project/service.go:68.3,69.1 1 1
paper-server/internal/project/service.go:71.2,78.1 2 1
paper-server/internal/project/service.go:80.2,80.70 2 1
paper-server/internal/project/service.go:81.3,82.1 1 0
paper-server/internal/project/service.go:84.2,84.53 1 1
paper-server/internal/project/service.go:85.3,86.1 2 0
paper-server/internal/project/service.go:87.3,88.1 2 0
paper-server/internal/project/service.go:90.2,90.21 1 1
paper-server/internal/project/service.go:94.2,95.1 1 1
paper-server/internal/project/service.go:98.2,99.1 1 1
paper-server/internal/project/service.go:102.2,103.16 2 1
paper-server/internal/project/service.go:104.3,105.1 1 0
paper-server/internal/project/service.go:107.2,107.31 1 1
paper-server/internal/project/service.go:108.3,109.1 1 1
paper-server/internal/project/service.go:111.2,112.16 2 1
paper-server/internal/project/service.go:113.3,114.1 1 0
paper-server/internal/project/service.go:116.2,116.13 1 1
paper-server/internal/project/service.go:117.3,118.1 1 1
paper-server/internal/project/service.go:120.2,120.21 1 1
paper-server/internal/project/service.go:128.2,129.16 2 1
paper-server/internal/project/service.go:130.3,131.1 1 0
paper-server/internal/project/service.go:133.2,133.31 1 1
paper-server/internal/project/service.go:134.3,135.1 1 1
paper-server/internal/project/service.go:137.2,138.1 2 1
paper-server/internal/project/service.go:139.2,139.16 2 1
paper-server/internal/project/service.go:140.3,141.1 1 1
paper-server/internal/project/service.go:143.2,143.21 1 1
paper-server/internal/project/service.go:144.3,145.1 1 1
paper-server/internal/project/service.go:147.2,147.72 1 1
paper-server/internal/project/service.go:148.3,149.1 1 0
paper-server/internal/project/service.go:151.2,152.1 2 1
paper-server/internal/project/service.go:153.2,153.21 2 1
paper-server/internal/project/service.go:160.2,161.16 2 1
paper-server/internal/project/service.go:162.3,163.1 1 0
paper-server/internal/project/service.go:165.2,165.31 1 1
paper-server/internal/project/service.go:166.3,167.1 1 1
paper-server/internal/project/service.go:169.2,169.59 1 1
paper-server/internal/project/service.go:170.3,171.1 1 0
paper-server/internal/project/service.go:173.2,173.62 1 1
paper-server/internal/project/service.go:174.3,175.1 1 0
paper-server/internal/project/service.go:177.2,177.12 1 1
paper-server/internal/project/service.go:184.2,185.16 2 1
paper-server/internal/project/service.go:186.3,187.1 1 0
paper-server/internal/project/service.go:189.2,189.31 1 1
paper-server/internal/project/service.go:190.3,191.1 1 1
paper-server/internal/project/service.go:193.2,193.21 1 1
paper-server/internal/project/service.go:197.2,198.1 1 0
paper-server/internal/project/service.go:201.2,202.1 1 0
paper-server/internal/project/service.go:209.2,209.70 1 1
paper-server/internal/project/service.go:210.3,211.1 1 1
paper-server/internal/project/service.go:213.2,217.3 1 1
paper-server/internal/project/service.go:224.2,225.1 1 1
paper-server/internal/project/service.go:228.2,228.16 1 1
paper-server/internal/project/service.go:233.3,233.14 1 1
paper-server/internal/project/service.go:235.3,235.15 1 1
paper-server/internal/project/service.go:240.2,240.17 1 1
paper-server/internal/project/service.go:243.3,243.14 1 1
paper-server/internal/project/service.go:245.3,245.15 1 1
paper-server/internal/project/service.go:250.2,250.16 1 1
paper-server/internal/project/service.go:251.3,252.1 1 0
paper-server/internal/project/service.go:254.2,254.20 1 1
paper-server/internal/project/service.go:255.3,256.1 1 1
paper-server/internal/project/service.go:258.2,258.33 1 1
paper-server/internal/project/service.go:259.3,260.1 1 1
paper-server/internal/project/service.go:262.2,262.34 1 1
paper-server/internal/project/service.go:263.3,264.1 1 1
paper-server/internal/project/service.go:266.2,266.55 1 1
paper-server/internal/project/service.go:267.3,268.1 1 1
paper-server/internal/project/service.go:270.2,270.12 1 1
paper-server/internal/project/service.go:277.2,278.16 2 1
paper-server/internal/project/service.go:279.3,280.1 1 0
paper-server/internal/project/service.go:283.2,283.31 1 1
paper-server/internal/project/service.go:284.3,285.1 1 1
paper-server/internal/project/service.go:287.2,291.16 2 1
paper-server/internal/project/service.go:292.3,293.1 1 0
paper-server/internal/project/service.go:295.2,295.44 1 1
paper-server/internal/project/storage.go:26.2,26.16 1 1
paper-server/internal/project/storage.go:27.3,28.1 1 0
paper-server/internal/project/storage.go:30.2,30.48 1 1
paper-server/internal/project/storage.go:31.3,32.1 1 0
paper-server/internal/project/storage.go:34.2,36.8 1 1
paper-server/internal/project/storage.go:40.2,41.1 1 1
paper-server/internal/project/storage.go:47.2,48.1 1 0
paper-server/internal/project/storage.go:54.2,55.16 2 1
paper-server/internal/project/storage.go:56.3,57.1 1 0
paper-server/internal/project/storage.go:59.2,59.32 1 1
paper-server/internal/project/storage.go:61.3,61.34 1 1
paper-server/internal/project/storage.go:62.4,62.12 1 0
paper-server/internal/project/storage.go:65.3,69.17 2 1
paper-server/internal/project/storage.go:70.4,71.1 1 0
paper-server/internal/project/storage.go:73.3,77.1 2 1
paper-server/internal/project/storage.go:78.3,78.32 2 1
paper-server/internal/project/storage.go:79.4,82.18 1 0
paper-server/internal/project/storage.go:83.5,87.1 1 0
paper-server/internal/project/storage.go:89.4,89.12 1 0
paper-server/internal/project/storage.go:92.3,95.17 1 1
paper-server/internal/project/storage.go:96.4,100.1 1 0
paper-server/internal/project/storage.go:102.3,103.17 2 1
paper-server/internal/project/storage.go:104.4,109.1 1 0
paper-server/internal/project/storage.go:111.3,112.17 2 1
paper-server/internal/project/storage.go:113.4,119.1 2 0
paper-server/internal/project/storage.go:121.3,122.1 4 1
paper-server/internal/project/storage.go:123.3,125.1 4 1
paper-server/internal/project/storage.go:126.3,126.21 4 1
paper-server/internal/project/storage.go:127.4,132.1 1 0
paper-server/internal/project/storage.go:135.2,135.12 1 1
paper-server/internal/project/storage.go:139.2,140.1 2 1
paper-server/internal/project/storage.go:141.2,141.55 2 1
paper-server/internal/project/storage.go:142.3,143.1 1 0
paper-server/internal/project/storage.go:144.2,145.16 2 1
paper-server/internal/project/storage.go:146.3,147.1 1 0
paper-server/internal/project/storage.go:149.2,159.1 2 1
paper-server/internal/project/storage.go:160.2,160.70 2 1
paper-server/internal/project/storage.go:161.3,162.1 1 0
paper-server/internal/project/storage.go:164.2,164.12 1 1
paper-server/internal/project/storage.go:168.2,169.1 3 1
paper-server/internal/project/storage.go:170.2,171.1 3 1
paper-server/internal/project/storage.go:172.2,176.10 3 1
paper-server/internal/project/storage.go:177.3,177.17 1 1
paper-server/internal/project/storage.go:178.4,179.1 1 0
paper-server/internal/project/storage.go:182.3,182.26 1 1
paper-server/internal/project/storage.go:183.4,184.1 1 1
paper-server/internal/project/storage.go:186.3,187.17 2 1
paper-server/internal/project/storage.go:188.4,189.1 1 0
paper-server/internal/project/storage.go:191.3,192.19 2 1
paper-server/internal/project/storage.go:193.4,194.1 1 0
paper-server/internal/project/storage.go:196.3,201.1 2 1
paper-server/internal/project/storage.go:202.3,202.13 2 1
paper-server/internal/project/storage.go:205.2,205.16 1 1
paper-server/internal/project/storage.go:206.3,206.25 1 0
paper-server/internal/project/storage.go:207.4,208.1 1 0
paper-server/internal/project/storage.go:210.3,210.56 1 0
paper-server/internal/project/storage.go:213.2,213.21 1 1
paper-server/internal/project/storage.go:217.2,219.16 3 1
paper-server/internal/project/storage.go:220.3,221.1 1 0
paper-server/internal/project/storage.go:223.2,224.16 2 1
paper-server/internal/project/storage.go:225.3,225.25 1 1
paper-server/internal/project/storage.go:226.4,227.1 1 1
paper-server/internal/project/storage.go:229.3,229.55 1 0
paper-server/internal/project/storage.go:232.2,232.18 1 1
paper-server/internal/project/storage.go:236.2,237.16 2 1
paper-server/internal/project/storage.go:238.3,239.1 1 0
paper-server/internal/project/storage.go:241.2,241.62 1 1
paper-server/internal/project/storage.go:242.3,243.1 1 0
paper-server/internal/project/storage.go:245.2,245.58 1 1
paper-server/internal/project/storage.go:246.3,247.1 1 0
paper-server/internal/project/storage.go:249.2,249.12 1 1
paper-server/internal/project/storage.go:253.2,253.39 1 1
paper-server/internal/project/storage.go:254.3,255.1 1 1
paper-server/internal/project/storage.go:258.2,259.1 2 1
paper-server/internal/project/storage.go:260.2,260.30 2 1
paper-server/internal/project/storage.go:261.3,262.1 1 1
paper-server/internal/project/storage.go:264.2,264.41 1 1
paper-server/internal/project/storage.go:265.3,266.1 1 1
paper-server/internal/project/storage.go:268.2,268.64 1 1
paper-server/internal/project/storage.go:269.3,270.1 1 1
paper-server/internal/project/storage.go:272.2,274.1 4 1
paper-server/internal/project/storage.go:276.2,277.16 4 1
paper-server/internal/project/storage.go:278.3,279.1 1 0
paper-server/internal/project/storage.go:281.2,282.62 1 1
paper-server/internal/project/storage.go:283.3,284.1 1 0
paper-server/internal/project/storage.go:286.2,286.22 1 1
paper-server/internal/project/storage.go:290.2,291.1 1 1
paper-server/internal/project/storage.go:293.2,294.16 2 1
paper-server/internal/project/storage.go:295.3,296.1 1 0
paper-server/internal/project/storage.go:298.2,298.41 1 1
paper-server/internal/project/storage.go:299.3,300.1 1 1
paper-server/internal/project/storage.go:300.9,300.32 1 1
paper-server/internal/project/storage.go:301.3,302.1 1 0
paper-server/internal/project/storage.go:304.2,304.62 1 1
paper-server/internal/project/storage.go:305.3,306.1 1 0
paper-server/internal/project/storage.go:308.2,308.59 1 1
paper-server/internal/project/storage.go:309.3,310.1 1 0
paper-server/internal/project/storage.go:312.2,312.12 1 1
paper-server/internal/project/storage.go:316.2,317.16 2 1
paper-server/internal/project/storage.go:318.3,319.1 1 0
paper-server/internal/project/storage.go:321.2,322.16 2 1
paper-server/internal/project/storage.go:323.3,323.25 1 0
paper-server/internal/project/storage.go:324.4,325.1 1 0
paper-server/internal/project/storage.go:327.3,327.50 1 0
paper-server/internal/project/storage.go:330.2,330.18 1 1
paper-server/internal/project/storage.go:331.3,332.1 1 0
paper-server/internal/project/storage.go:334.2,334.40 1 1
paper-server/internal/project/storage.go:335.3,336.1 1 0
paper-server/internal/project/storage.go:338.2,338.12 1 1
paper-server/internal/project/storage.go:346.2,347.16 2 1
paper-server/internal/project/storage.go:348.3,349.1 1 0
paper-server/internal/project/storage.go:351.2,352.16 2 1
paper-server/internal/project/storage.go:353.3,354.1 1 0
paper-server/internal/project/storage.go:356.2,357.16 2 1
paper-server/internal/project/storage.go:358.3,358.25 1 0
paper-server/internal/project/storage.go:359.4,360.1 1 0
paper-server/internal/project/storage.go:362.3,362.49 1 0
paper-server/internal/project/storage.go:365.2,365.18 1 1
paper-server/internal/project/storage.go:366.3,367.1 1 0
paper-server/internal/project/storage.go:369.2,369.48 1 1
paper-server/internal/project/storage.go:370.3,371.1 1 0
paper-server/internal/project/storage.go:371.9,371.32 1 1
paper-server/internal/project/storage.go:372.3,373.1 1 0
paper-server/internal/project/storage.go:375.2,375.69 1 1
paper-server/internal/project/storage.go:376.3,377.1 1 0
paper-server/internal/project/storage.go:379.2,379.55 1 1
paper-server/internal/project/storage.go:380.3,381.1 1 0
paper-server/internal/project/storage.go:383.2,383.12 1 1
paper-server/internal/project/storage.go:390.2,391.16 2 1
paper-server/internal/project/storage.go:392.3,393.1 1 0
paper-server/internal/project/storage.go:395.2,395.41 1 1
paper-server/internal/project/storage.go:396.3,397.1 1 0
paper-server/internal/project/storage.go:397.9,397.32 1 1
paper-server/internal/project/storage.go:398.3,399.1 1 0
paper-server/internal/project/storage.go:401.2,401.48 1 1
paper-server/internal/project/storage.go:402.3,403.1 1 0
paper-server/internal/project/storage.go:405.2,405.12 1 1
paper-server/internal/project/storage.go:412.2,413.16 2 1
paper-server/internal/project/storage.go:414.3,415.1 1 0
paper-server/internal/project/storage.go:417.2,418.16 2 1
paper-server/internal/project/storage.go:419.3,419.25 1 0
paper-server/internal/project/storage.go:420.4,421.1 1 0
paper-server/internal/project/storage.go:423.3,423.47 1 0
paper-server/internal/project/storage.go:426.2,426.19 1 1
paper-server/internal/project/storage.go:427.3,428.1 1 0
paper-server/internal/project/storage.go:431.2,432.16 2 1
paper-server/internal/project/storage.go:433.3,434.1 1 0
paper-server/internal/project/storage.go:436.2,436.22 1 1
paper-server/internal/project/storage.go:437.3,438.1 1 1
paper-server/internal/project/storage.go:440.2,440.40 1 1
paper-server/internal/project/storage.go:441.3,442.1 1 0
paper-server/internal/project/storage.go:444.2,444.12 1 1
paper-server/internal/project/storage.go:452.2,453.16 2 1
paper-server/internal/project/storage.go:454.3,455.1 1 0
paper-server/internal/project/storage.go:457.2,458.16 2 1
paper-server/internal/project/storage.go:459.3,460.1 1 0
paper-server/internal/project/storage.go:462.2,463.16 2 1
paper-server/internal/project/storage.go:464.3,464.25 1 0
paper-server/internal/project/storage.go:465.4,466.1 1 0
paper-server/internal/project/storage.go:468.3,468.54 1 0
paper-server/internal/project/storage.go:471.2,471.19 1 1
paper-server/internal/project/storage.go:472.3,473.1 1 0
paper-server/internal/project/storage.go:475.2,475.48 1 1
paper-server/internal/project/storage.go:476.3,477.1 1 0
paper-server/internal/project/storage.go:477.9,477.32 1 1
paper-server/internal/project/storage.go:478.3,479.1 1 0
paper-server/internal/project/storage.go:481.2,481.69 1 1
paper-server/internal/project/storage.go:482.3,483.1 1 0
paper-server/internal/project/storage.go:485.2,485.55 1 1
paper-server/internal/project/storage.go:486.3,487.1 1 0
paper-server/internal/project/storage.go:489.2,489.12 1 1
paper-server/internal/project/storage.go:496.2,497.16 2 0
paper-server/internal/project/storage.go:498.3,499.1 1 0
paper-server/internal/project/storage.go:500.2,501.1 3 0
paper-server/internal/project/storage.go:502.2,503.16 3 0
paper-server/internal/project/storage.go:504.3,505.1 1 0
paper-server/internal/project/storage.go:506.2,507.1 3 0
paper-server/internal/project/storage.go:508.2,509.12 3 0
paper-server/internal/project/upload.go:27.2,31.1 1 0
paper-server/internal/project/upload.go:45.2,45.33 1 0
paper-server/internal/project/upload.go:46.3,52.1 2 0
paper-server/internal/project/upload.go:54.2,55.1 2 0
paper-server/internal/project/upload.go:56.2,56.21 2 0
paper-server/internal/project/upload.go:57.3,61.1 2 0
paper-server/internal/project/upload.go:63.2,64.9 2 0
paper-server/internal/project/upload.go:65.3,71.1 2 0
paper-server/internal/project/upload.go:75.2,76.16 2 0
paper-server/internal/project/upload.go:77.3,79.1 2 0
paper-server/internal/project/upload.go:81.2,81.14 1 0
paper-server/internal/project/upload.go:82.3,86.1 2 0
paper-server/internal/project/upload.go:88.2,93.1 2 0
paper-server/internal/project/upload.go:94.2,94.67 2 0
paper-server/internal/project/upload.go:95.3,99.1 2 0
paper-server/internal/project/upload.go:101.2,102.1 2 0
paper-server/internal/project/upload.go:103.2,103.18 2 0
paper-server/internal/project/upload.go:104.3,105.17 2 0
paper-server/internal/project/upload.go:106.4,110.1 2 0
paper-server/internal/project/upload.go:112.3,116.17 2 0
paper-server/internal/project/upload.go:117.4,121.1 2 0
paper-server/internal/project/upload.go:123.3,124.17 2 0
paper-server/internal/project/upload.go:125.4,125.26 1 0
paper-server/internal/project/upload.go:126.5,130.1 2 0
paper-server/internal/project/upload.go:132.4,135.10 2 0
paper-server/internal/project/upload.go:138.3,138.20 1 0
paper-server/internal/project/upload.go:139.4,143.1 2 0
paper-server/internal/project/upload.go:146.2,147.1 2 0
paper-server/internal/project/upload.go:148.2,148.21 2 0
paper-server/internal/project/upload.go:149.3,153.1 2 0
paper-server/internal/project/upload.go:155.2,158.1 5 0
paper-server/internal/project/upload.go:160.2,162.1 5 0
paper-server/internal/project/upload.go:164.2,165.1 5 0
paper-server/internal/project/upload.go:166.2,166.30 5 0
paper-server/internal/project/upload.go:167.3,171.1 2 0
paper-server/internal/project/upload.go:174.2,174.31 1 0
paper-server/internal/project/upload.go:175.3,181.1 3 0
paper-server/internal/project/upload.go:182.3,183.17 3 0
paper-server/internal/project/upload.go:184.4,191.1 2 0
paper-server/internal/project/upload.go:193.3,193.19 1 0
paper-server/internal/project/upload.go:194.4,198.1 3 0
paper-server/internal/project/upload.go:200.4,201.18 3 0
paper-server/internal/project/upload.go:202.5,206.1 2 0
paper-server/internal/project/upload.go:210.3,210.36 1 0
paper-server/internal/project/upload.go:211.4,215.1 2 0
paper-server/internal/project/upload.go:217.3,217.38 1 0
paper-server/internal/project/upload.go:218.4,225.1 2 0
paper-server/internal/project/upload.go:227.3,227.46 1 0
paper-server/internal/project/upload.go:228.4,235.1 2 0
paper-server/internal/project/upload.go:237.3,238.1 3 0
paper-server/internal/project/upload.go:239.3,243.17 3 0
paper-server/internal/project/upload.go:244.4,251.1 2 0
paper-server/internal/project/upload.go:253.3,253.46 1 0
paper-server/internal/project/upload.go:254.4,261.1 2 0
paper-server/internal/project/upload.go:261.10,261.33 1 0
paper-server/internal/project/upload.go:262.4,266.1 2 0
paper-server/internal/project/upload.go:268.3,271.5 1 0
paper-server/internal/project/upload.go:274.2,275.1 2 0
paper-server/internal/project/upload.go:277.2,277.29 2 0
paper-server/internal/project/upload.go:278.3,279.17 2 0
paper-server/internal/project/upload.go:280.4,285.1 3 0
paper-server/internal/project/upload.go:286.4,293.1 3 0
paper-server/internal/project/upload.go:295.3,301.1 3 0
paper-server/internal/project/upload.go:302.3,303.1 3 0
paper-server/internal/project/upload.go:304.3,304.17 3 0
paper-server/internal/project/upload.go:305.4,310.1 2 0
paper-server/internal/project/upload.go:311.4,311.40 2 0
paper-server/internal/project/upload.go:312.5,319.1 2 0
paper-server/internal/project/upload.go:321.4,327.10 2 0
paper-server/internal/project/upload.go:330.3,330.39 1 0
paper-server/internal/project/upload.go:333.2,339.3 1 0
paper-server/internal/project/upload.go:347.2,348.1 2 1
paper-server/internal/project/upload.go:349.2,349.17 2 1
paper-server/internal/project/upload.go:350.3,351.1 1 1
paper-server/internal/project/upload.go:354.2,354.35 1 1
paper-server/internal/project/upload.go:355.3,356.1 1 1
paper-server/internal/project/upload.go:358.2,359.1 2 1
paper-server/internal/project/upload.go:360.2,363.35 2 1
paper-server/internal/project/upload.go:364.3,365.1 1 1
paper-server/internal/project/upload.go:367.2,367.21 1 1
paper-server/internal/project/upload.go:376.2,380.16 2 0
paper-server/internal/project/upload.go:381.3,382.1 1 0
paper-server/internal/project/upload.go:384.2,387.16 1 0
paper-server/internal/project/upload.go:388.3,392.1 1 0
paper-server/internal/project/upload.go:394.2,399.16 2 0
paper-server/internal/project/upload.go:400.3,400.22 1 0
paper-server/internal/project/upload.go:401.4,402.1 1 0
paper-server/internal/project/upload.go:404.3,407.4 1 0
paper-server/internal/project/upload.go:410.2,417.1 3 0
paper-server/internal/project/upload.go:418.2,419.1 3 0
paper-server/internal/project/upload.go:420.2,420.20 3 0
paper-server/internal/project/upload.go:421.3,426.1 2 0
paper-server/internal/project/upload.go:428.2,428.21 1 0
paper-server/internal/project/upload.go:429.3,434.1 2 0
paper-server/internal/project/upload.go:436.2,437.34 1 0
paper-server/internal/project/upload.go:438.3,440.1 2 0
paper-server/internal/project/upload.go:442.2,442.12 1 0
paper-server/internal/project/upload.go:446.2,450.1 2 1
paper-server/internal/project/upload.go:451.2,451.15 2 1
paper-server/internal/project/upload.go:452.3,453.1 1 1
paper-server/internal/project/upload.go:455.2,455.25 1 1
paper-server/internal/project/upload.go:463.2,463.33 1 0
paper-server/internal/project/upload.go:464.3,468.1 1 0
paper-server/docs/docs.go:1955.2,1956.1 1 0
paper-server/cmd/server/main.go:44.2,44.40 1 0
paper-server/cmd/server/main.go:45.3,46.1 1 0
paper-server/cmd/server/main.go:48.2,49.1 3 0
paper-server/cmd/server/main.go:50.2,51.16 3 0
paper-server/cmd/server/main.go:52.3,53.1 1 0
paper-server/cmd/server/main.go:54.2,55.1 2 0
paper-server/cmd/server/main.go:56.2,56.45 2 0
paper-server/cmd/server/main.go:57.3,58.1 1 0
paper-server/cmd/server/main.go:59.2,60.1 3 0
paper-server/cmd/server/main.go:61.2,68.16 3 0
paper-server/cmd/server/main.go:69.3,70.1 1 0
paper-server/cmd/server/main.go:72.2,74.1 3 0
paper-server/cmd/server/main.go:75.2,75.56 3 0
paper-server/cmd/server/main.go:76.3,76.50 1 0
paper-server/cmd/server/main.go:77.4,78.1 1 0
paper-server/cmd/server/main.go:79.3,79.9 1 0
paper-server/cmd/server/main.go:82.2,83.1 4 0
paper-server/cmd/server/main.go:84.2,85.1 4 0
paper-server/cmd/server/main.go:86.2,87.16 4 0
paper-server/cmd/server/main.go:88.3,89.1 1 0
paper-server/cmd/server/main.go:91.2,91.87 1 0
paper-server/cmd/server/main.go:92.3,95.1 3 0
paper-server/cmd/server/main.go:97.2,103.1 4 0
paper-server/cmd/server/main.go:104.2,105.1 4 0
paper-server/cmd/server/main.go:106.2,109.16 4 0
paper-server/cmd/server/main.go:110.3,111.1 1 0
paper-server/cmd/server/main.go:113.2,117.1 6 0
paper-server/cmd/server/main.go:118.2,123.1 6 0
paper-server/cmd/server/main.go:124.2,127.1 6 0
paper-server/cmd/server/main.go:128.2,129.1 6 0
paper-server/cmd/server/main.go:130.2,136.1 6 0
paper-server/cmd/server/main.go:137.2,137.16 6 0
paper-server/cmd/server/main.go:138.3,142.1 1 0
paper-server/cmd/server/main.go:144.2,154.1 8 0
paper-server/cmd/server/main.go:155.2,160.1 8 0
paper-server/cmd/server/main.go:161.2,162.1 8 0
paper-server/cmd/server/main.go:163.2,164.1 8 0
paper-server/cmd/server/main.go:165.2,167.1 8 0
paper-server/cmd/server/main.go:168.2,168.55 8 0
paper-server/cmd/server/main.go:169.3,170.1 1 0
paper-server/cmd/server/main.go:182.2,184.1 2 0
paper-server/cmd/server/main.go:187.2,188.1 4 0
paper-server/cmd/server/main.go:189.2,191.16 4 0
paper-server/cmd/server/main.go:192.3,193.1 1 0
paper-server/cmd/server/main.go:195.2,196.1 4 0
paper-server/cmd/server/main.go:197.2,199.16 4 0
paper-server/cmd/server/main.go:200.3,201.1 1 0
paper-server/cmd/server/main.go:202.2,203.1 5 0
paper-server/cmd/server/main.go:204.2,207.1 5 0
paper-server/cmd/server/main.go:208.2,208.16 5 0
paper-server/cmd/server/main.go:209.3,210.1 1 0
paper-server/cmd/server/main.go:212.2,215.1 4 0
paper-server/cmd/server/main.go:216.2,216.16 4 0
paper-server/cmd/server/main.go:217.3,218.1 1 0
paper-server/cmd/server/main.go:220.2,222.1 3 0
paper-server/cmd/server/main.go:223.2,223.25 3 0
paper-server/cmd/server/main.go:224.3,225.1 1 0
paper-server/cmd/server/main.go:227.2,228.16 2 0
paper-server/cmd/server/main.go:229.3,230.1 1 0
paper-server/cmd/server/main.go:232.2,233.1 2 0
paper-server/cmd/server/main.go:234.2,234.12 2 0
paper-server/internal/config/config.go:23.2,24.16 2 1
paper-server/internal/config/config.go:25.3,26.1 1 1
paper-server/internal/config/config.go:28.2,29.16 2 1
paper-server/internal/config/config.go:30.3,31.1 1 1
paper-server/internal/config/config.go:32.2,33.1 2 1
paper-server/internal/config/config.go:34.2,34.19 2 1
paper-server/internal/config/config.go:35.3,36.1 1 1
paper-server/internal/config/config.go:38.2,39.1 2 1
paper-server/internal/config/config.go:40.2,40.22 2 1
paper-server/internal/config/config.go:41.3,42.1 1 1
paper-server/internal/config/config.go:44.2,45.18 2 1
paper-server/internal/config/config.go:46.3,47.1 1 1
paper-server/internal/config/config.go:49.2,50.1 2 1
paper-server/internal/config/config.go:51.2,51.29 2 1
paper-server/internal/config/config.go:52.3,53.1 1 1
paper-server/internal/config/config.go:55.2,69.1 1 1
paper-server/internal/email/mock.go:15.2,17.1 2 0
paper-server/internal/email/smtp.go:40.2,44.16 2 1
paper-server/internal/email/smtp.go:45.3,46.1 1 0
paper-server/internal/email/smtp.go:48.2,55.8 1 1
paper-server/internal/email/smtp.go:65.2,70.1 3 0
paper-server/internal/email/smtp.go:72.2,73.1 3 0
paper-server/internal/email/smtp.go:74.2,74.66 3 0
paper-server/internal/email/smtp.go:75.3,76.1 1 0
paper-server/internal/email/smtp.go:78.2,79.1 3 0
paper-server/internal/email/smtp.go:80.2,81.16 3 0
paper-server/internal/email/smtp.go:82.3,83.1 1 0
paper-server/internal/email/smtp.go:84.2,85.1 3 0
paper-server/internal/email/smtp.go:86.2,88.1 3 0
paper-server/internal/email/smtp.go:90.2,90.47 3 0
paper-server/internal/email/smtp.go:91.3,91.52 1 0
paper-server/internal/email/smtp.go:92.4,93.1 1 0
paper-server/internal/email/smtp.go:95.3,96.1 1 0
paper-server/internal/email/smtp.go:98.2,104.1 2 0
paper-server/internal/email/smtp.go:105.2,105.42 2 0
paper-server/internal/email/smtp.go:106.3,107.1 1 0
paper-server/internal/email/smtp.go:109.2,110.16 2 0
paper-server/internal/email/smtp.go:111.3,112.1 1 0
paper-server/internal/email/smtp.go:114.2,114.50 1 0
paper-server/internal/email/smtp.go:115.3,116.1 1 0
paper-server/internal/email/smtp.go:118.2,118.47 1 0
paper-server/internal/email/smtp.go:119.3,120.1 1 0
paper-server/internal/email/smtp.go:122.2,123.16 2 0
paper-server/internal/email/smtp.go:124.3,125.1 1 0
paper-server/internal/email/smtp.go:127.2,139.1 2 0
paper-server/internal/email/smtp.go:140.2,140.57 2 0
paper-server/internal/email/smtp.go:141.3,143.1 2 0
paper-server/internal/email/smtp.go:145.2,145.39 1 0
paper-server/internal/email/smtp.go:146.3,147.1 1 0
paper-server/internal/email/smtp.go:149.2,149.38 1 0
paper-server/internal/email/smtp.go:150.3,151.1 1 0
paper-server/internal/email/smtp.go:153.2,153.12 1 0
paper-server/internal/collaboration/routes.go:14.2,18.1 2 0
paper-server/internal/collaboration/routes.go:19.2,25.1 2 0
paper-server/internal/collaboration/server.go:34.2,35.16 2 0
paper-server/internal/collaboration/server.go:36.3,37.1 1 0
paper-server/internal/collaboration/server.go:39.2,43.1 11 0
paper-server/internal/collaboration/server.go:45.2,46.1 11 0
paper-server/internal/collaboration/server.go:49.2,54.1 11 0
paper-server/internal/collaboration/server.go:56.2,59.1 11 0
paper-server/internal/collaboration/server.go:60.2,62.1 11 0
paper-server/internal/collaboration/server.go:63.2,64.1 11 0
paper-server/internal/collaboration/server.go:65.2,65.20 11 0
paper-server/internal/collaboration/server.go:69.2,70.1 4 0
paper-server/internal/collaboration/server.go:71.2,80.1 4 0
paper-server/internal/collaboration/server.go:81.2,82.1 4 0
paper-server/internal/collaboration/server.go:83.2,87.1 4 0
paper-server/internal/collaboration/server.go:93.2,98.1 2 0
paper-server/internal/collaboration/server.go:99.2,99.32 2 0
paper-server/internal/collaboration/server.go:100.3,106.1 2 0
paper-server/internal/collaboration/server.go:108.2,109.1 2 0
paper-server/internal/collaboration/server.go:110.2,110.9 2 0
paper-server/internal/collaboration/server.go:111.3,114.1 3 0
paper-server/internal/collaboration/server.go:115.3,120.1 3 0
paper-server/internal/collaboration/server.go:121.3,122.1 3 0
paper-server/internal/collaboration/server.go:124.2,128.1 3 0
paper-server/internal/collaboration/server.go:129.2,130.1 3 0
paper-server/internal/collaboration/server.go:131.2,131.16 3 0
paper-server/internal/collaboration/server.go:132.3,137.1 3 0
paper-server/internal/collaboration/server.go:138.3,143.1 3 0
paper-server/internal/collaboration/server.go:144.3,145.1 3 0
paper-server/internal/collaboration/server.go:147.2,151.1 3 0
paper-server/internal/collaboration/server.go:152.2,156.1 3 0
paper-server/internal/collaboration/server.go:157.2,161.3 3 0
paper-server/internal/collaboration/server.go:168.2,174.1 4 0
paper-server/internal/collaboration/server.go:175.2,176.1 4 0
paper-server/internal/collaboration/server.go:177.2,182.1 4 0
paper-server/internal/collaboration/server.go:183.2,183.17 4 0
paper-server/internal/collaboration/server.go:184.3,187.1 2 0
paper-server/internal/collaboration/server.go:188.3,189.1 2 0
paper-server/internal/collaboration/server.go:191.2,192.1 2 0
paper-server/internal/collaboration/server.go:193.2,193.16 2 0
paper-server/internal/collaboration/server.go:194.3,198.1 2 0
paper-server/internal/collaboration/server.go:199.3,200.1 2 0
paper-server/internal/collaboration/server.go:202.2,206.1 4 0
paper-server/internal/collaboration/server.go:207.2,208.1 4 0
paper-server/internal/collaboration/server.go:209.2,210.1 4 0
paper-server/internal/collaboration/server.go:211.2,211.16 4 0
paper-server/internal/collaboration/server.go:212.3,217.1 2 0
paper-server/internal/collaboration/server.go:218.3,219.1 2 0
paper-server/internal/collaboration/server.go:221.2,226.1 3 0
paper-server/internal/collaboration/server.go:227.2,231.1 3 0
paper-server/internal/collaboration/server.go:232.2,232.16 3 0
paper-server/internal/collaboration/server.go:233.3,239.1 2 0
paper-server/internal/collaboration/server.go:240.3,241.1 2 0
paper-server/internal/collaboration/server.go:243.2,248.1 3 0
paper-server/internal/collaboration/server.go:249.2,253.1 3 0
paper-server/internal/collaboration/server.go:254.2,254.16 3 0
paper-server/internal/collaboration/server.go:255.3,261.1 2 0
paper-server/internal/collaboration/server.go:262.3,263.1 2 0
paper-server/internal/collaboration/server.go:265.2,271.1 3 0
paper-server/internal/collaboration/server.go:272.2,276.1 3 0
paper-server/internal/collaboration/server.go:277.2,277.16 3 0
paper-server/internal/collaboration/server.go:278.3,284.1 2 0
paper-server/internal/collaboration/server.go:285.3,286.1 2 0
paper-server/internal/collaboration/server.go:288.2,289.1 2 0
paper-server/internal/collaboration/server.go:290.2,290.16 2 0
paper-server/internal/collaboration/server.go:291.3,296.1 2 0
paper-server/internal/collaboration/server.go:297.3,298.1 2 0
paper-server/internal/collaboration/server.go:300.2,300.18 1 0
paper-server/internal/collaboration/server.go:301.3,305.1 2 0
paper-server/internal/collaboration/server.go:306.3,307.1 2 0
paper-server/internal/collaboration/server.go:309.2,316.1 2 0
paper-server/internal/collaboration/server.go:317.2,319.9 2 0
paper-server/internal/collaboration/server.go:328.2,332.1 3 0
paper-server/internal/collaboration/server.go:333.2,334.1 3 0
paper-server/internal/collaboration/server.go:335.2,335.16 3 0
paper-server/internal/collaboration/server.go:336.3,341.1 2 0
paper-server/internal/collaboration/server.go:342.3,343.1 2 0
paper-server/internal/collaboration/server.go:345.2,350.1 3 0
paper-server/internal/collaboration/server.go:351.2,355.1 3 0
paper-server/internal/collaboration/server.go:356.2,356.16 3 0
paper-server/internal/collaboration/server.go:357.3,363.1 2 0
paper-server/internal/collaboration/server.go:364.3,368.1 2 0
paper-server/internal/collaboration/server.go:370.2,376.1 4 0
paper-server/internal/collaboration/server.go:377.2,378.1 4 0
paper-server/internal/collaboration/server.go:379.2,383.1 4 0
paper-server/internal/collaboration/server.go:384.2,384.41 4 0
paper-server/internal/collaboration/server.go:385.3,385.45 1 0
paper-server/internal/collaboration/server.go:386.4,392.1 1 0
paper-server/internal/collaboration/server.go:394.3,397.4 1 0
paper-server/internal/collaboration/server.go:399.3,404.1 1 0
paper-server/internal/collaboration/server.go:406.2,412.1 2 0
paper-server/internal/collaboration/server.go:413.2,413.12 2 0
paper-server/internal/collaboration/server.go:420.2,421.1 2 1
paper-server/internal/collaboration/server.go:422.2,425.1 2 1
paper-server/internal/collaboration/server.go:430.2,431.1 2 1
paper-server/internal/collaboration/server.go:432.2,432.16 2 1
paper-server/internal/collaboration/server.go:433.3,436.1 1 1
paper-server/internal/collaboration/server.go:438.2,443.1 2 1
paper-server/internal/collaboration/server.go:444.2,446.18 2 1
paper-server/internal/collaboration/server.go:447.3,450.1 1 1
paper-server/internal/collaboration/server.go:452.2,452.32 1 1
paper-server/internal/collaboration/token.go:25.2,25.37 1 1
paper-server/internal/collaboration/token.go:26.3,27.1 1 1
paper-server/internal/collaboration/token.go:29.2,31.8 1 1
paper-server/internal/collaboration/token.go:35.2,38.1 3 1
paper-server/internal/collaboration/token.go:40.2,41.16 3 1
paper-server/internal/collaboration/token.go:42.3,43.1 1 0
paper-server/internal/collaboration/token.go:45.2,46.1 5 1
paper-server/internal/collaboration/token.go:47.2,49.1 5 1
paper-server/internal/collaboration/token.go:50.2,53.1 5 1
paper-server/internal/collaboration/token.go:54.2,54.46 5 1
paper-server/internal/collaboration/token.go:58.2,59.1 2 1
paper-server/internal/collaboration/token.go:60.2,60.21 2 1
paper-server/internal/collaboration/token.go:61.3,62.1 1 1
paper-server/internal/collaboration/token.go:64.2,66.1 7 1
paper-server/internal/collaboration/token.go:67.2,69.1 7 1
paper-server/internal/collaboration/token.go:70.2,71.1 7 1
paper-server/internal/collaboration/token.go:72.2,75.16 7 1
paper-server/internal/collaboration/token.go:76.3,77.1 1 1
paper-server/internal/collaboration/token.go:79.2,79.53 1 1
paper-server/internal/collaboration/token.go:80.3,81.1 1 1
paper-server/internal/collaboration/token.go:83.2,86.16 2 1
paper-server/internal/collaboration/token.go:87.3,88.1 1 0
paper-server/internal/collaboration/token.go:90.2,91.1 2 1
paper-server/internal/collaboration/token.go:92.2,92.57 2 1
paper-server/internal/collaboration/token.go:93.3,94.1 1 0
paper-server/internal/collaboration/token.go:96.2,96.25 1 1
paper-server/internal/collaboration/token.go:97.3,98.1 1 0
paper-server/internal/collaboration/token.go:100.2,100.43 1 1
paper-server/internal/collaboration/token.go:101.3,102.1 1 0
paper-server/internal/collaboration/token.go:104.2,104.27 1 1
paper-server/internal/database/database.go:13.2,14.19 2 1
paper-server/internal/database/database.go:15.3,16.1 1 0
paper-server/internal/database/database.go:18.2,18.51 1 1
paper-server/internal/database/database.go:19.3,20.1 1 0
paper-server/internal/database/database.go:22.2,23.1 3 1
paper-server/internal/database/database.go:24.2,25.16 3 1
paper-server/internal/database/database.go:26.3,27.1 1 0
paper-server/internal/database/database.go:29.2,29.34 1 1
paper-server/internal/database/database.go:30.3,32.1 2 0
paper-server/internal/database/database.go:35.2,39.17 1 1
paper-server/internal/database/database.go:40.3,42.1 2 0
paper-server/internal/database/database.go:44.2,44.16 1 1
paper-server/internal/database/migrations.go:12.2,17.17 1 1
paper-server/internal/database/migrations.go:18.3,19.1 1 0
paper-server/internal/database/migrations.go:21.2,22.16 2 1
paper-server/internal/database/migrations.go:23.3,24.1 1 0
paper-server/internal/database/migrations.go:26.2,27.1 2 1
paper-server/internal/database/migrations.go:28.2,28.32 2 1
paper-server/internal/database/migrations.go:29.3,29.61 1 1
paper-server/internal/database/migrations.go:30.4,31.1 1 1
paper-server/internal/database/migrations.go:34.2,35.1 2 1
paper-server/internal/database/migrations.go:36.2,36.29 2 1
paper-server/internal/database/migrations.go:37.3,38.1 3 1
paper-server/internal/database/migrations.go:39.3,43.1 3 1
paper-server/internal/database/migrations.go:44.3,44.17 3 1
paper-server/internal/database/migrations.go:45.4,46.1 1 0
paper-server/internal/database/migrations.go:48.3,48.13 1 1
paper-server/internal/database/migrations.go:49.4,49.12 1 1
paper-server/internal/database/migrations.go:52.3,53.1 3 1
paper-server/internal/database/migrations.go:54.3,55.17 3 1
paper-server/internal/database/migrations.go:56.4,57.1 1 0
paper-server/internal/database/migrations.go:59.3,60.17 2 1
paper-server/internal/database/migrations.go:61.4,62.1 1 0
paper-server/internal/database/migrations.go:64.3,64.54 1 1
paper-server/internal/database/migrations.go:65.4,67.1 2 0
paper-server/internal/database/migrations.go:69.3,72.17 1 1
paper-server/internal/database/migrations.go:73.4,75.1 2 0
paper-server/internal/database/migrations.go:77.3,77.37 1 1
paper-server/internal/database/migrations.go:78.4,79.1 1 0
paper-server/internal/database/migrations.go:81.3,81.46 1 1
paper-server/internal/database/migrations.go:84.2,84.12 1 1
